
> portfolio-client@0.0.0 build
> vite build

[36mvite v4.5.14 [32mbuilding for production...[36m[39m
transforming...
[32mΓ£ô[39m 17 modules transformed.
[32mΓ£ô built in 724ms[39m
node.exe : [31m[vite]: 
Rollup failed to resolve 
import "react-scroll" from 
"C:/Users/vigne/Downloads/p
ortfolio_vignesh/client/src
/components/Navbar.jsx".
At C:\Program 
Files\nodejs\npm.ps1:29 
char:3
+   & $NODE_EXE 
$NPM_CLI_JS $args
+   ~~~~~~~~~~~~~~~~~~~~~~~
~~~~~~
    + CategoryInfo         
     : NotSpecified: ([3  
  1m[vite]: Ro...ts/Navb   
 ar.jsx".:String) [], R    
emoteException
    + FullyQualifiedErrorI 
   d : NativeCommandError
 
This is most likely 
unintended because it can 
break your application at 
runtime.
If you do want to 
externalize this module 
explicitly add it to
`build.rollupOptions.extern
al`[39m
[31merror during build:
Error: [vite]: Rollup 
failed to resolve import 
"react-scroll" from "C:/Use
rs/vigne/Downloads/portfoli
o_vignesh/client/src/compon
ents/Navbar.jsx".
This is most likely 
unintended because it can 
break your application at 
runtime.
If you do want to 
externalize this module 
explicitly add it to
`build.rollupOptions.extern
al`
    at viteWarn (file:///C:
/Users/vigne/Downloads/port
folio_vignesh/client/node_m
odules/vite/dist/node/chunk
s/dep-827b23df.js:48272:27)
    at onwarn (file:///C:/U
sers/vigne/Downloads/portfo
lio_vignesh/client/node_mod
ules/@vitejs/plugin-react/d
ist/index.js:90:7)
    at onRollupWarning (fil
e:///C:/Users/vigne/Downloa
ds/portfolio_vignesh/client
/node_modules/vite/dist/nod
e/chunks/dep-827b23df.js:48
301:9)
    at onwarn (file:///C:/U
sers/vigne/Downloads/portfo
lio_vignesh/client/node_mod
ules/vite/dist/node/chunks/
dep-827b23df.js:48032:13)
    at file:///C:/Users/vig
ne/Downloads/portfolio_vign
esh/client/node_modules/rol
lup/dist/es/shared/node-ent
ry.js:24276:13
    at Object.logger [as 
onLog] (file:///C:/Users/vi
gne/Downloads/portfolio_vig
nesh/client/node_modules/ro
llup/dist/es/shared/node-en
try.js:25950:9)
    at ModuleLoader.handleI
nvalidResolvedId (file:///C
:/Users/vigne/Downloads/por
tfolio_vignesh/client/node_
modules/rollup/dist/es/shar
ed/node-entry.js:24862:26)
    at file:///C:/Users/vig
ne/Downloads/portfolio_vign
esh/client/node_modules/rol
lup/dist/es/shared/node-ent
ry.js:24822:26
    at process.processTicks
AndRejections (node:interna
l/process/task_queues:105:5
)[39m
